components/ProductCard.tsx(17,18): error TS2322: Type '{ children: Element[]; delayDuration: number; }' is not assignable to type 'IntrinsicAttributes & Props<unknown>'.
  Property 'delayDuration' does not exist on type 'IntrinsicAttributes & Props<unknown>'.
components/ProductCard.tsx(18,29): error TS2322: Type '{ children: Element; asChild: true; }' is not assignable to type 'IntrinsicAttributes & Props<unknown> & RefAttributes<HTMLElement>'.
  Property 'asChild' does not exist on type 'IntrinsicAttributes & Props<unknown> & RefAttributes<HTMLElement>'.
